*** Starting uWSGI 2.0.20 (64bit) on [Fri Aug  1 18:24:31 2025] ***
compiled with version: 9.3.0 on 28 October 2021 05:02:51
os: Linux-5.4.0-182-generic #202-Ubuntu SMP Fri Apr 26 12:29:36 UTC 2024
nodename: 8479f11b19ee
machine: x86_64
clock source: unix
detected number of CPU cores: 2
current working directory: /home/acs/acapp
detected binary path: /usr/local/bin/uwsgi
!!! no internal routing support, rebuild with pcre support !!!
chdir() to /home/acs/acapp
your memory page size is 4096 bytes
detected max file descriptor number: 1024
lock engine: pthread robust mutexes
thunder lock: disabled (you can enable it with --thunder-lock)
uwsgi socket 0 bound to TCP address 127.0.0.1:8000 fd 3
Python version: 3.8.10 (default, Sep 28 2021, 16:10:42)  [GCC 9.3.0]
Python main interpreter initialized at 0x55fddb37b5d0
python threads support enabled
your server socket listen backlog is limited to 100 connections
your mercy for graceful operations on workers is 60 seconds
mapped 344232 bytes (336 KB) for 10 cores
*** Operational MODE: preforking+threaded ***
WSGI app 0 (mountpoint='') ready in 1 seconds on interpreter 0x55fddb37b5d0 pid: 123024 (default app)
*** uWSGI is running in multiple interpreter mode ***
spawned uWSGI master process (pid: 123024)
spawned uWSGI worker 1 (pid: 123026, cores: 5)
spawned uWSGI worker 2 (pid: 123027, cores: 5)
SIGINT/SIGTERM received...killing workers...
worker 1 buried after 1 seconds
worker 2 buried after 1 seconds
goodbye to uWSGI.
*** Starting uWSGI 2.0.20 (64bit) on [Fri Aug  1 18:25:39 2025] ***
compiled with version: 9.3.0 on 28 October 2021 05:02:51
os: Linux-5.4.0-182-generic #202-Ubuntu SMP Fri Apr 26 12:29:36 UTC 2024
nodename: 8479f11b19ee
machine: x86_64
clock source: unix
detected number of CPU cores: 2
current working directory: /home/acs/acapp
detected binary path: /usr/local/bin/uwsgi
!!! no internal routing support, rebuild with pcre support !!!
chdir() to /home/acs/acapp
your memory page size is 4096 bytes
detected max file descriptor number: 1024
lock engine: pthread robust mutexes
thunder lock: disabled (you can enable it with --thunder-lock)
uwsgi socket 0 bound to TCP address 127.0.0.1:8000 fd 3
Python version: 3.8.10 (default, Sep 28 2021, 16:10:42)  [GCC 9.3.0]
Python main interpreter initialized at 0x561ddf4b85d0
python threads support enabled
your server socket listen backlog is limited to 100 connections
your mercy for graceful operations on workers is 60 seconds
mapped 344232 bytes (336 KB) for 10 cores
*** Operational MODE: preforking+threaded ***
WSGI app 0 (mountpoint='') ready in 0 seconds on interpreter 0x561ddf4b85d0 pid: 123060 (default app)
*** uWSGI is running in multiple interpreter mode ***
spawned uWSGI master process (pid: 123060)
spawned uWSGI worker 1 (pid: 123062, cores: 5)
spawned uWSGI worker 2 (pid: 123063, cores: 5)
SIGINT/SIGTERM received...killing workers...
worker 1 buried after 1 seconds
worker 2 buried after 1 seconds
goodbye to uWSGI.
*** Starting uWSGI 2.0.20 (64bit) on [Fri Aug  1 18:29:57 2025] ***
compiled with version: 9.3.0 on 28 October 2021 05:02:51
os: Linux-5.4.0-182-generic #202-Ubuntu SMP Fri Apr 26 12:29:36 UTC 2024
nodename: 8479f11b19ee
machine: x86_64
clock source: unix
detected number of CPU cores: 2
current working directory: /home/acs/acapp
detected binary path: /usr/local/bin/uwsgi
!!! no internal routing support, rebuild with pcre support !!!
chdir() to /home/acs/acapp
your memory page size is 4096 bytes
detected max file descriptor number: 1024
lock engine: pthread robust mutexes
thunder lock: disabled (you can enable it with --thunder-lock)
uwsgi socket 0 bound to TCP address 127.0.0.1:8000 fd 3
Python version: 3.8.10 (default, Sep 28 2021, 16:10:42)  [GCC 9.3.0]
Python main interpreter initialized at 0x55ac370845d0
python threads support enabled
your server socket listen backlog is limited to 100 connections
your mercy for graceful operations on workers is 60 seconds
mapped 344232 bytes (336 KB) for 10 cores
*** Operational MODE: preforking+threaded ***
WSGI app 0 (mountpoint='') ready in 0 seconds on interpreter 0x55ac370845d0 pid: 123164 (default app)
*** uWSGI is running in multiple interpreter mode ***
spawned uWSGI master process (pid: 123164)
spawned uWSGI worker 1 (pid: 123166, cores: 5)
spawned uWSGI worker 2 (pid: 123167, cores: 5)
SIGINT/SIGTERM received...killing workers...
worker 1 buried after 1 seconds
worker 2 buried after 1 seconds
goodbye to uWSGI.
*** Starting uWSGI 2.0.20 (64bit) on [Fri Aug  1 18:30:52 2025] ***
compiled with version: 9.3.0 on 28 October 2021 05:02:51
os: Linux-5.4.0-182-generic #202-Ubuntu SMP Fri Apr 26 12:29:36 UTC 2024
nodename: 8479f11b19ee
machine: x86_64
clock source: unix
detected number of CPU cores: 2
current working directory: /home/acs/acapp
detected binary path: /usr/local/bin/uwsgi
!!! no internal routing support, rebuild with pcre support !!!
chdir() to /home/acs/acapp
your memory page size is 4096 bytes
detected max file descriptor number: 1024
lock engine: pthread robust mutexes
thunder lock: disabled (you can enable it with --thunder-lock)
uwsgi socket 0 bound to TCP address 127.0.0.1:8000 fd 3
Python version: 3.8.10 (default, Sep 28 2021, 16:10:42)  [GCC 9.3.0]
Python main interpreter initialized at 0x561591b2e5d0
python threads support enabled
your server socket listen backlog is limited to 100 connections
your mercy for graceful operations on workers is 60 seconds
mapped 344232 bytes (336 KB) for 10 cores
*** Operational MODE: preforking+threaded ***
WSGI app 0 (mountpoint='') ready in 1 seconds on interpreter 0x561591b2e5d0 pid: 123195 (default app)
*** uWSGI is running in multiple interpreter mode ***
spawned uWSGI master process (pid: 123195)
spawned uWSGI worker 1 (pid: 123199, cores: 5)
spawned uWSGI worker 2 (pid: 123200, cores: 5)
SIGINT/SIGTERM received...killing workers...
worker 1 buried after 1 seconds
worker 2 buried after 1 seconds
goodbye to uWSGI.
*** Starting uWSGI 2.0.20 (64bit) on [Fri Aug  1 18:42:34 2025] ***
compiled with version: 9.3.0 on 28 October 2021 05:02:51
os: Linux-5.4.0-182-generic #202-Ubuntu SMP Fri Apr 26 12:29:36 UTC 2024
nodename: 8479f11b19ee
machine: x86_64
clock source: unix
detected number of CPU cores: 2
current working directory: /home/acs/acapp
detected binary path: /usr/local/bin/uwsgi
!!! no internal routing support, rebuild with pcre support !!!
chdir() to /home/acs/acapp
your memory page size is 4096 bytes
detected max file descriptor number: 1024
lock engine: pthread robust mutexes
thunder lock: disabled (you can enable it with --thunder-lock)
uwsgi socket 0 bound to TCP address 127.0.0.1:8000 fd 3
Python version: 3.8.10 (default, Sep 28 2021, 16:10:42)  [GCC 9.3.0]
Python main interpreter initialized at 0x5613be3bd5d0
python threads support enabled
your server socket listen backlog is limited to 100 connections
your mercy for graceful operations on workers is 60 seconds
mapped 344232 bytes (336 KB) for 10 cores
*** Operational MODE: preforking+threaded ***
WSGI app 0 (mountpoint='') ready in 0 seconds on interpreter 0x5613be3bd5d0 pid: 123536 (default app)
*** uWSGI is running in multiple interpreter mode ***
spawned uWSGI master process (pid: 123536)
spawned uWSGI worker 1 (pid: 123538, cores: 5)
spawned uWSGI worker 2 (pid: 123539, cores: 5)
SIGINT/SIGTERM received...killing workers...
worker 1 buried after 1 seconds
worker 2 buried after 1 seconds
goodbye to uWSGI.
*** Starting uWSGI 2.0.20 (64bit) on [Fri Aug  1 18:45:35 2025] ***
compiled with version: 9.3.0 on 28 October 2021 05:02:51
os: Linux-5.4.0-182-generic #202-Ubuntu SMP Fri Apr 26 12:29:36 UTC 2024
nodename: 8479f11b19ee
machine: x86_64
clock source: unix
detected number of CPU cores: 2
current working directory: /home/acs/acapp
detected binary path: /usr/local/bin/uwsgi
!!! no internal routing support, rebuild with pcre support !!!
chdir() to /home/acs/acapp
your memory page size is 4096 bytes
detected max file descriptor number: 1024
lock engine: pthread robust mutexes
thunder lock: disabled (you can enable it with --thunder-lock)
uwsgi socket 0 bound to TCP address 127.0.0.1:8000 fd 3
Python version: 3.8.10 (default, Sep 28 2021, 16:10:42)  [GCC 9.3.0]
Python main interpreter initialized at 0x5596126b25d0
python threads support enabled
your server socket listen backlog is limited to 100 connections
your mercy for graceful operations on workers is 60 seconds
mapped 344232 bytes (336 KB) for 10 cores
*** Operational MODE: preforking+threaded ***
WSGI app 0 (mountpoint='') ready in 0 seconds on interpreter 0x5596126b25d0 pid: 123615 (default app)
*** uWSGI is running in multiple interpreter mode ***
spawned uWSGI master process (pid: 123615)
spawned uWSGI worker 1 (pid: 123617, cores: 5)
spawned uWSGI worker 2 (pid: 123618, cores: 5)
SIGINT/SIGTERM received...killing workers...
worker 1 buried after 1 seconds
worker 2 buried after 1 seconds
goodbye to uWSGI.
*** Starting uWSGI 2.0.20 (64bit) on [Fri Aug  1 18:46:19 2025] ***
compiled with version: 9.3.0 on 28 October 2021 05:02:51
os: Linux-5.4.0-182-generic #202-Ubuntu SMP Fri Apr 26 12:29:36 UTC 2024
nodename: 8479f11b19ee
machine: x86_64
clock source: unix
detected number of CPU cores: 2
current working directory: /home/acs/acapp
detected binary path: /usr/local/bin/uwsgi
!!! no internal routing support, rebuild with pcre support !!!
chdir() to /home/acs/acapp
your memory page size is 4096 bytes
detected max file descriptor number: 1024
lock engine: pthread robust mutexes
thunder lock: disabled (you can enable it with --thunder-lock)
uwsgi socket 0 bound to TCP address 127.0.0.1:8000 fd 3
Python version: 3.8.10 (default, Sep 28 2021, 16:10:42)  [GCC 9.3.0]
Python main interpreter initialized at 0x55571ad775d0
python threads support enabled
your server socket listen backlog is limited to 100 connections
your mercy for graceful operations on workers is 60 seconds
mapped 344232 bytes (336 KB) for 10 cores
*** Operational MODE: preforking+threaded ***
WSGI app 0 (mountpoint='') ready in 0 seconds on interpreter 0x55571ad775d0 pid: 123644 (default app)
*** uWSGI is running in multiple interpreter mode ***
spawned uWSGI master process (pid: 123644)
spawned uWSGI worker 1 (pid: 123646, cores: 5)
spawned uWSGI worker 2 (pid: 123649, cores: 5)
SIGINT/SIGTERM received...killing workers...
worker 1 buried after 1 seconds
worker 2 buried after 1 seconds
goodbye to uWSGI.
*** Starting uWSGI 2.0.20 (64bit) on [Tue Aug 12 14:53:48 2025] ***
compiled with version: 9.3.0 on 28 October 2021 05:02:51
os: Linux-5.4.0-182-generic #202-Ubuntu SMP Fri Apr 26 12:29:36 UTC 2024
nodename: 8479f11b19ee
machine: x86_64
clock source: unix
detected number of CPU cores: 2
current working directory: /home/acs/acapp
detected binary path: /usr/local/bin/uwsgi
!!! no internal routing support, rebuild with pcre support !!!
chdir() to /home/acs/acapp
your memory page size is 4096 bytes
detected max file descriptor number: 1024
lock engine: pthread robust mutexes
thunder lock: disabled (you can enable it with --thunder-lock)
uwsgi socket 0 bound to TCP address 127.0.0.1:8000 fd 3
Python version: 3.8.10 (default, Sep 28 2021, 16:10:42)  [GCC 9.3.0]
Python main interpreter initialized at 0x5615a85a05e0
python threads support enabled
your server socket listen backlog is limited to 100 connections
your mercy for graceful operations on workers is 60 seconds
mapped 344232 bytes (336 KB) for 10 cores
*** Operational MODE: preforking+threaded ***
WSGI app 0 (mountpoint='') ready in 1 seconds on interpreter 0x5615a85a05e0 pid: 452598 (default app)
*** uWSGI is running in multiple interpreter mode ***
spawned uWSGI master process (pid: 452598)
spawned uWSGI worker 1 (pid: 452600, cores: 5)
spawned uWSGI worker 2 (pid: 452605, cores: 5)
SIGINT/SIGTERM received...killing workers...
worker 1 buried after 1 seconds
worker 2 buried after 1 seconds
goodbye to uWSGI.
*** Starting uWSGI 2.0.20 (64bit) on [Tue Aug 12 14:54:13 2025] ***
compiled with version: 9.3.0 on 28 October 2021 05:02:51
os: Linux-5.4.0-182-generic #202-Ubuntu SMP Fri Apr 26 12:29:36 UTC 2024
nodename: 8479f11b19ee
machine: x86_64
clock source: unix
detected number of CPU cores: 2
current working directory: /home/acs/acapp
detected binary path: /usr/local/bin/uwsgi
!!! no internal routing support, rebuild with pcre support !!!
chdir() to /home/acs/acapp
your memory page size is 4096 bytes
detected max file descriptor number: 1024
lock engine: pthread robust mutexes
thunder lock: disabled (you can enable it with --thunder-lock)
uwsgi socket 0 bound to TCP address 127.0.0.1:8000 fd 3
Python version: 3.8.10 (default, Sep 28 2021, 16:10:42)  [GCC 9.3.0]
Python main interpreter initialized at 0x55da3bc4d5e0
python threads support enabled
your server socket listen backlog is limited to 100 connections
your mercy for graceful operations on workers is 60 seconds
mapped 344232 bytes (336 KB) for 10 cores
*** Operational MODE: preforking+threaded ***
WSGI app 0 (mountpoint='') ready in 1 seconds on interpreter 0x55da3bc4d5e0 pid: 452643 (default app)
*** uWSGI is running in multiple interpreter mode ***
spawned uWSGI master process (pid: 452643)
spawned uWSGI worker 1 (pid: 452645, cores: 5)
spawned uWSGI worker 2 (pid: 452650, cores: 5)
Not Found: /favicon.ico
[pid: 452650|app: 0|req: 1/1] 206.168.34.127 () {36 vars in 497 bytes} [Tue Aug 12 14:54:20 2025] GET /favicon.ico => generated 2735 bytes in 156 msecs (HTTP/1.1 404) 5 headers in 159 bytes (1 switches on core 0)
[pid: 452645|app: 0|req: 1/2] 221.216.117.154 () {62 vars in 1225 bytes} [Tue Aug 12 14:54:24 2025] GET / => generated 1076 bytes in 151 msecs (HTTP/1.1 200) 5 headers in 167 bytes (1 switches on core 0)
[pid: 452645|app: 0|req: 2/3] 221.216.117.154 () {62 vars in 1182 bytes} [Tue Aug 12 14:54:25 2025] GET /settings/getinfo/?platform=WEB => generated 120 bytes in 20 msecs (HTTP/1.1 200) 6 headers in 172 bytes (1 switches on core 4)
Not Found: /.well-known/security.txt
[pid: 452650|app: 0|req: 2/4] 206.168.34.127 () {36 vars in 517 bytes} [Tue Aug 12 14:54:39 2025] GET /.well-known/security.txt => generated 2774 bytes in 6 msecs (HTTP/1.1 404) 5 headers in 159 bytes (1 switches on core 1)
[pid: 452645|app: 0|req: 3/5] 221.216.117.154 () {62 vars in 1225 bytes} [Tue Aug 12 14:55:13 2025] GET / => generated 1076 bytes in 7 msecs (HTTP/1.1 200) 5 headers in 167 bytes (1 switches on core 3)
[pid: 452645|app: 0|req: 4/6] 221.216.117.154 () {62 vars in 1183 bytes} [Tue Aug 12 14:55:13 2025] GET /settings/getinfo/?platform=WEB => generated 120 bytes in 9 msecs (HTTP/1.1 200) 6 headers in 172 bytes (1 switches on core 2)
[pid: 452645|app: 0|req: 5/7] 221.216.117.154 () {58 vars in 1125 bytes} [Tue Aug 12 14:55:15 2025] GET /settings/get_user_settings/ => generated 62 bytes in 8 msecs (HTTP/1.1 200) 6 headers in 171 bytes (1 switches on core 1)
[pid: 452650|app: 0|req: 3/8] 221.216.117.154 () {58 vars in 1125 bytes} [Tue Aug 12 14:55:55 2025] GET /settings/get_user_settings/ => generated 62 bytes in 15 msecs (HTTP/1.1 200) 6 headers in 171 bytes (1 switches on core 2)
SIGINT/SIGTERM received...killing workers...
worker 1 buried after 1 seconds
worker 2 buried after 1 seconds
goodbye to uWSGI.
*** Starting uWSGI 2.0.20 (64bit) on [Wed Oct 29 19:18:06 2025] ***
compiled with version: 9.3.0 on 28 October 2021 05:02:51
os: Linux-5.4.0-182-generic #202-Ubuntu SMP Fri Apr 26 12:29:36 UTC 2024
nodename: 8479f11b19ee
machine: x86_64
clock source: unix
detected number of CPU cores: 2
current working directory: /home/acs/acapp
detected binary path: /usr/local/bin/uwsgi
!!! no internal routing support, rebuild with pcre support !!!
chdir() to /home/acs/acapp
your memory page size is 4096 bytes
detected max file descriptor number: 1048576
lock engine: pthread robust mutexes
thunder lock: disabled (you can enable it with --thunder-lock)
uwsgi socket 0 bound to TCP address 127.0.0.1:8000 fd 3
Python version: 3.8.10 (default, Sep 28 2021, 16:10:42)  [GCC 9.3.0]
Python main interpreter initialized at 0x5557e532d3e0
python threads support enabled
your server socket listen backlog is limited to 100 connections
your mercy for graceful operations on workers is 60 seconds
mapped 344232 bytes (336 KB) for 10 cores
*** Operational MODE: preforking+threaded ***
WSGI app 0 (mountpoint='') ready in 1 seconds on interpreter 0x5557e532d3e0 pid: 338 (default app)
*** uWSGI is running in multiple interpreter mode ***
spawned uWSGI master process (pid: 338)
spawned uWSGI worker 1 (pid: 340, cores: 5)
spawned uWSGI worker 2 (pid: 345, cores: 5)
SIGINT/SIGTERM received...killing workers...
worker 1 buried after 1 seconds
worker 2 buried after 1 seconds
goodbye to uWSGI.
*** Starting uWSGI 2.0.20 (64bit) on [Wed Oct 29 19:19:31 2025] ***
compiled with version: 9.3.0 on 28 October 2021 05:02:51
os: Linux-5.4.0-182-generic #202-Ubuntu SMP Fri Apr 26 12:29:36 UTC 2024
nodename: 8479f11b19ee
machine: x86_64
clock source: unix
detected number of CPU cores: 2
current working directory: /home/acs/acapp
detected binary path: /usr/local/bin/uwsgi
!!! no internal routing support, rebuild with pcre support !!!
chdir() to /home/acs/acapp
your memory page size is 4096 bytes
detected max file descriptor number: 1048576
lock engine: pthread robust mutexes
thunder lock: disabled (you can enable it with --thunder-lock)
uwsgi socket 0 bound to TCP address 127.0.0.1:8000 fd 3
Python version: 3.8.10 (default, Sep 28 2021, 16:10:42)  [GCC 9.3.0]
Python main interpreter initialized at 0x55f178a0d3e0
python threads support enabled
your server socket listen backlog is limited to 100 connections
your mercy for graceful operations on workers is 60 seconds
mapped 344232 bytes (336 KB) for 10 cores
*** Operational MODE: preforking+threaded ***
WSGI app 0 (mountpoint='') ready in 1 seconds on interpreter 0x55f178a0d3e0 pid: 423 (default app)
*** uWSGI is running in multiple interpreter mode ***
spawned uWSGI master process (pid: 423)
spawned uWSGI worker 1 (pid: 425, cores: 5)
spawned uWSGI worker 2 (pid: 430, cores: 5)
[pid: 430|app: 0|req: 1/1] 36.112.196.89 () {60 vars in 1209 bytes} [Wed Oct 29 19:21:41 2025] GET / => generated 1180 bytes in 175 msecs (HTTP/1.1 200) 5 headers in 167 bytes (1 switches on core 0)
[pid: 430|app: 0|req: 2/2] 36.112.196.89 () {58 vars in 1136 bytes} [Wed Oct 29 19:21:41 2025] GET /settings/getinfo/?platform=WEB => generated 119 bytes in 21 msecs (HTTP/1.1 200) 6 headers in 172 bytes (1 switches on core 2)
[pid: 430|app: 0|req: 3/3] 36.112.196.89 () {56 vars in 1036 bytes} [Wed Oct 29 19:21:57 2025] GET / => generated 1180 bytes in 3 msecs (HTTP/1.1 200) 5 headers in 167 bytes (1 switches on core 4)
[pid: 425|app: 0|req: 1/4] 36.112.196.89 () {56 vars in 994 bytes} [Wed Oct 29 19:21:58 2025] GET /settings/getinfo/?platform=WEB => generated 32 bytes in 156 msecs (HTTP/1.1 200) 6 headers in 171 bytes (1 switches on core 0)
[pid: 430|app: 0|req: 4/5] 36.112.196.89 () {56 vars in 1016 bytes} [Wed Oct 29 19:22:04 2025] GET /settings/login/?username=123&password=123 => generated 21 bytes in 178 msecs (HTTP/1.1 200) 8 headers in 484 bytes (1 switches on core 1)
[pid: 430|app: 0|req: 6/6] 36.112.196.89 () {62 vars in 1259 bytes} [Wed Oct 29 19:22:05 2025] GET / => generated 1180 bytes in 3 msecs (HTTP/1.1 200) 5 headers in 167 bytes (1 switches on core 2)
[pid: 430|app: 0|req: 7/7] 36.112.196.89 () {58 vars in 1127 bytes} [Wed Oct 29 19:22:05 2025] GET /settings/getinfo/?platform=WEB => generated 121 bytes in 13 msecs (HTTP/1.1 200) 6 headers in 172 bytes (1 switches on core 4)
[pid: 430|app: 0|req: 7/8] 36.112.196.89 () {56 vars in 1016 bytes} [Wed Oct 29 19:22:05 2025] GET /settings/login/?username=123&password=123 => generated 21 bytes in 187 msecs (HTTP/1.1 200) 8 headers in 484 bytes (1 switches on core 0)
[pid: 430|app: 0|req: 8/9] 36.112.196.89 () {62 vars in 1259 bytes} [Wed Oct 29 19:22:12 2025] GET / => generated 1180 bytes in 3 msecs (HTTP/1.1 200) 5 headers in 167 bytes (1 switches on core 3)
[pid: 425|app: 0|req: 2/10] 36.112.196.89 () {58 vars in 1127 bytes} [Wed Oct 29 19:22:12 2025] GET /settings/getinfo/?platform=WEB => generated 121 bytes in 18 msecs (HTTP/1.1 200) 6 headers in 172 bytes (1 switches on core 2)
[pid: 425|app: 0|req: 3/11] 36.112.196.89 () {58 vars in 1122 bytes} [Wed Oct 29 19:22:15 2025] GET /settings/get_user_settings/ => generated 187 bytes in 9 msecs (HTTP/1.1 200) 6 headers in 172 bytes (1 switches on core 4)
[pid: 430|app: 0|req: 9/12] 36.112.196.89 () {66 vars in 1441 bytes} [Wed Oct 29 19:22:21 2025] POST /settings/upload_avatar/ => generated 150 bytes in 98 msecs (HTTP/1.1 200) 6 headers in 172 bytes (1 switches on core 1)
SIGINT/SIGTERM received...killing workers...
worker 1 buried after 1 seconds
worker 2 buried after 1 seconds
goodbye to uWSGI.
*** Starting uWSGI 2.0.20 (64bit) on [Thu Nov 13 17:58:24 2025] ***
compiled with version: 9.3.0 on 28 October 2021 05:02:51
os: Linux-5.4.0-182-generic #202-Ubuntu SMP Fri Apr 26 12:29:36 UTC 2024
nodename: 8479f11b19ee
machine: x86_64
clock source: unix
detected number of CPU cores: 2
current working directory: /home/acs/acapp
detected binary path: /usr/local/bin/uwsgi
!!! no internal routing support, rebuild with pcre support !!!
chdir() to /home/acs/acapp
your memory page size is 4096 bytes
detected max file descriptor number: 1048576
lock engine: pthread robust mutexes
thunder lock: disabled (you can enable it with --thunder-lock)
probably another instance of uWSGI is running on the same address (127.0.0.1:8000).
bind(): Address already in use [core/socket.c line 769]
*** Starting uWSGI 2.0.20 (64bit) on [Thu Nov 13 17:59:37 2025] ***
compiled with version: 9.3.0 on 28 October 2021 05:02:51
os: Linux-5.4.0-182-generic #202-Ubuntu SMP Fri Apr 26 12:29:36 UTC 2024
nodename: 8479f11b19ee
machine: x86_64
clock source: unix
detected number of CPU cores: 2
current working directory: /home/acs/acapp
detected binary path: /usr/local/bin/uwsgi
!!! no internal routing support, rebuild with pcre support !!!
chdir() to /home/acs/acapp
your memory page size is 4096 bytes
detected max file descriptor number: 1048576
lock engine: pthread robust mutexes
thunder lock: disabled (you can enable it with --thunder-lock)
probably another instance of uWSGI is running on the same address (127.0.0.1:8000).
bind(): Address already in use [core/socket.c line 769]
*** Starting uWSGI 2.0.20 (64bit) on [Thu Nov 13 18:00:16 2025] ***
compiled with version: 9.3.0 on 28 October 2021 05:02:51
os: Linux-5.4.0-182-generic #202-Ubuntu SMP Fri Apr 26 12:29:36 UTC 2024
nodename: 8479f11b19ee
machine: x86_64
clock source: unix
detected number of CPU cores: 2
current working directory: /home/acs/acapp
detected binary path: /usr/local/bin/uwsgi
!!! no internal routing support, rebuild with pcre support !!!
chdir() to /home/acs/acapp
your memory page size is 4096 bytes
detected max file descriptor number: 1048576
lock engine: pthread robust mutexes
thunder lock: disabled (you can enable it with --thunder-lock)
probably another instance of uWSGI is running on the same address (127.0.0.1:8000).
bind(): Address already in use [core/socket.c line 769]
*** Starting uWSGI 2.0.20 (64bit) on [Thu Nov 13 18:05:05 2025] ***
compiled with version: 9.3.0 on 28 October 2021 05:02:51
os: Linux-5.4.0-182-generic #202-Ubuntu SMP Fri Apr 26 12:29:36 UTC 2024
nodename: 8479f11b19ee
machine: x86_64
clock source: unix
detected number of CPU cores: 2
current working directory: /home/acs/acapp
detected binary path: /usr/local/bin/uwsgi
!!! no internal routing support, rebuild with pcre support !!!
chdir() to /home/acs/acapp
your memory page size is 4096 bytes
detected max file descriptor number: 1048576
lock engine: pthread robust mutexes
thunder lock: disabled (you can enable it with --thunder-lock)
probably another instance of uWSGI is running on the same address (127.0.0.1:8000).
bind(): Address already in use [core/socket.c line 769]
*** Starting uWSGI 2.0.20 (64bit) on [Thu Nov 13 20:17:23 2025] ***
compiled with version: 9.3.0 on 28 October 2021 05:02:51
os: Linux-5.4.0-182-generic #202-Ubuntu SMP Fri Apr 26 12:29:36 UTC 2024
nodename: 8479f11b19ee
machine: x86_64
clock source: unix
detected number of CPU cores: 2
current working directory: /home/acs/acapp
detected binary path: /usr/local/bin/uwsgi
!!! no internal routing support, rebuild with pcre support !!!
chdir() to /home/acs/acapp
your memory page size is 4096 bytes
detected max file descriptor number: 1048576
lock engine: pthread robust mutexes
thunder lock: disabled (you can enable it with --thunder-lock)
probably another instance of uWSGI is running on the same address (127.0.0.1:8000).
bind(): Address already in use [core/socket.c line 769]
*** Starting uWSGI 2.0.20 (64bit) on [Thu Nov 13 20:20:01 2025] ***
compiled with version: 9.3.0 on 28 October 2021 05:02:51
os: Linux-5.4.0-182-generic #202-Ubuntu SMP Fri Apr 26 12:29:36 UTC 2024
nodename: 8479f11b19ee
machine: x86_64
clock source: unix
detected number of CPU cores: 2
current working directory: /home/acs/acapp
detected binary path: /usr/local/bin/uwsgi
!!! no internal routing support, rebuild with pcre support !!!
chdir() to /home/acs/acapp
your memory page size is 4096 bytes
detected max file descriptor number: 1048576
lock engine: pthread robust mutexes
thunder lock: disabled (you can enable it with --thunder-lock)
probably another instance of uWSGI is running on the same address (127.0.0.1:8000).
bind(): Address already in use [core/socket.c line 769]
*** Starting uWSGI 2.0.20 (64bit) on [Sat Nov 15 20:58:04 2025] ***
compiled with version: 9.3.0 on 28 October 2021 05:02:51
os: Linux-5.4.0-182-generic #202-Ubuntu SMP Fri Apr 26 12:29:36 UTC 2024
nodename: 8479f11b19ee
machine: x86_64
clock source: unix
detected number of CPU cores: 2
current working directory: /home/acs/acapp
detected binary path: /usr/local/bin/uwsgi
!!! no internal routing support, rebuild with pcre support !!!
chdir() to /home/acs/acapp
your memory page size is 4096 bytes
detected max file descriptor number: 1048576
lock engine: pthread robust mutexes
thunder lock: disabled (you can enable it with --thunder-lock)
probably another instance of uWSGI is running on the same address (127.0.0.1:8000).
bind(): Address already in use [core/socket.c line 769]
*** Starting uWSGI 2.0.20 (64bit) on [Sun Nov 16 10:07:53 2025] ***
compiled with version: 9.3.0 on 28 October 2021 05:02:51
os: Linux-5.4.0-182-generic #202-Ubuntu SMP Fri Apr 26 12:29:36 UTC 2024
nodename: 8479f11b19ee
machine: x86_64
clock source: unix
detected number of CPU cores: 2
current working directory: /home/acs/acapp
detected binary path: /usr/local/bin/uwsgi
!!! no internal routing support, rebuild with pcre support !!!
chdir() to /home/acs/acapp
your memory page size is 4096 bytes
detected max file descriptor number: 1048576
lock engine: pthread robust mutexes
thunder lock: disabled (you can enable it with --thunder-lock)
probably another instance of uWSGI is running on the same address (127.0.0.1:8000).
bind(): Address already in use [core/socket.c line 769]
*** Starting uWSGI 2.0.20 (64bit) on [Sun Nov 16 10:17:18 2025] ***
compiled with version: 9.3.0 on 28 October 2021 05:02:51
os: Linux-5.4.0-182-generic #202-Ubuntu SMP Fri Apr 26 12:29:36 UTC 2024
nodename: 8479f11b19ee
machine: x86_64
clock source: unix
detected number of CPU cores: 2
current working directory: /home/acs/acapp
detected binary path: /usr/local/bin/uwsgi
!!! no internal routing support, rebuild with pcre support !!!
chdir() to /home/acs/acapp
your memory page size is 4096 bytes
detected max file descriptor number: 1048576
lock engine: pthread robust mutexes
thunder lock: disabled (you can enable it with --thunder-lock)
probably another instance of uWSGI is running on the same address (127.0.0.1:8000).
bind(): Address already in use [core/socket.c line 769]
*** Starting uWSGI 2.0.20 (64bit) on [Sun Nov 16 10:21:31 2025] ***
compiled with version: 9.3.0 on 28 October 2021 05:02:51
os: Linux-5.4.0-182-generic #202-Ubuntu SMP Fri Apr 26 12:29:36 UTC 2024
nodename: 8479f11b19ee
machine: x86_64
clock source: unix
detected number of CPU cores: 2
current working directory: /home/acs/acapp
detected binary path: /usr/local/bin/uwsgi
!!! no internal routing support, rebuild with pcre support !!!
chdir() to /home/acs/acapp
your memory page size is 4096 bytes
detected max file descriptor number: 1048576
lock engine: pthread robust mutexes
thunder lock: disabled (you can enable it with --thunder-lock)
probably another instance of uWSGI is running on the same address (127.0.0.1:8000).
bind(): Address already in use [core/socket.c line 769]
*** Starting uWSGI 2.0.20 (64bit) on [Sun Nov 16 14:08:44 2025] ***
compiled with version: 9.3.0 on 28 October 2021 05:02:51
os: Linux-5.4.0-182-generic #202-Ubuntu SMP Fri Apr 26 12:29:36 UTC 2024
nodename: 8479f11b19ee
machine: x86_64
clock source: unix
detected number of CPU cores: 2
current working directory: /home/acs/acapp
detected binary path: /usr/local/bin/uwsgi
!!! no internal routing support, rebuild with pcre support !!!
chdir() to /home/acs/acapp
your memory page size is 4096 bytes
detected max file descriptor number: 1048576
lock engine: pthread robust mutexes
thunder lock: disabled (you can enable it with --thunder-lock)
probably another instance of uWSGI is running on the same address (127.0.0.1:8000).
bind(): Address already in use [core/socket.c line 769]
*** Starting uWSGI 2.0.20 (64bit) on [Sun Nov 16 14:11:24 2025] ***
compiled with version: 9.3.0 on 28 October 2021 05:02:51
os: Linux-5.4.0-182-generic #202-Ubuntu SMP Fri Apr 26 12:29:36 UTC 2024
nodename: 8479f11b19ee
machine: x86_64
clock source: unix
detected number of CPU cores: 2
current working directory: /home/acs/acapp
detected binary path: /usr/local/bin/uwsgi
!!! no internal routing support, rebuild with pcre support !!!
chdir() to /home/acs/acapp
your memory page size is 4096 bytes
detected max file descriptor number: 1048576
lock engine: pthread robust mutexes
thunder lock: disabled (you can enable it with --thunder-lock)
probably another instance of uWSGI is running on the same address (127.0.0.1:8000).
bind(): Address already in use [core/socket.c line 769]
*** Starting uWSGI 2.0.20 (64bit) on [Fri Nov 21 14:18:42 2025] ***
compiled with version: 9.3.0 on 28 October 2021 05:02:51
os: Linux-5.4.0-182-generic #202-Ubuntu SMP Fri Apr 26 12:29:36 UTC 2024
nodename: 8479f11b19ee
machine: x86_64
clock source: unix
detected number of CPU cores: 2
current working directory: /home/acs/acapp
detected binary path: /usr/local/bin/uwsgi
!!! no internal routing support, rebuild with pcre support !!!
chdir() to /home/acs/acapp
your memory page size is 4096 bytes
detected max file descriptor number: 1048576
lock engine: pthread robust mutexes
thunder lock: disabled (you can enable it with --thunder-lock)
probably another instance of uWSGI is running on the same address (127.0.0.1:8000).
bind(): Address already in use [core/socket.c line 769]
*** Starting uWSGI 2.0.20 (64bit) on [Fri Nov 21 14:25:38 2025] ***
compiled with version: 9.3.0 on 28 October 2021 05:02:51
os: Linux-5.4.0-182-generic #202-Ubuntu SMP Fri Apr 26 12:29:36 UTC 2024
nodename: 8479f11b19ee
machine: x86_64
clock source: unix
detected number of CPU cores: 2
current working directory: /home/acs/acapp
detected binary path: /usr/local/bin/uwsgi
!!! no internal routing support, rebuild with pcre support !!!
chdir() to /home/acs/acapp
your memory page size is 4096 bytes
detected max file descriptor number: 1048576
lock engine: pthread robust mutexes
thunder lock: disabled (you can enable it with --thunder-lock)
probably another instance of uWSGI is running on the same address (127.0.0.1:8000).
bind(): Address already in use [core/socket.c line 769]
*** Starting uWSGI 2.0.20 (64bit) on [Fri Nov 21 14:28:13 2025] ***
compiled with version: 9.3.0 on 28 October 2021 05:02:51
os: Linux-5.4.0-182-generic #202-Ubuntu SMP Fri Apr 26 12:29:36 UTC 2024
nodename: 8479f11b19ee
machine: x86_64
clock source: unix
detected number of CPU cores: 2
current working directory: /home/acs/acapp
detected binary path: /usr/local/bin/uwsgi
!!! no internal routing support, rebuild with pcre support !!!
chdir() to /home/acs/acapp
your memory page size is 4096 bytes
detected max file descriptor number: 1048576
lock engine: pthread robust mutexes
thunder lock: disabled (you can enable it with --thunder-lock)
probably another instance of uWSGI is running on the same address (127.0.0.1:8000).
bind(): Address already in use [core/socket.c line 769]
*** Starting uWSGI 2.0.20 (64bit) on [Fri Nov 21 14:29:04 2025] ***
compiled with version: 9.3.0 on 28 October 2021 05:02:51
os: Linux-5.4.0-182-generic #202-Ubuntu SMP Fri Apr 26 12:29:36 UTC 2024
nodename: 8479f11b19ee
machine: x86_64
clock source: unix
detected number of CPU cores: 2
current working directory: /home/acs/acapp
detected binary path: /usr/local/bin/uwsgi
!!! no internal routing support, rebuild with pcre support !!!
chdir() to /home/acs/acapp
your memory page size is 4096 bytes
detected max file descriptor number: 1048576
lock engine: pthread robust mutexes
thunder lock: disabled (you can enable it with --thunder-lock)
probably another instance of uWSGI is running on the same address (127.0.0.1:8000).
bind(): Address already in use [core/socket.c line 769]
*** Starting uWSGI 2.0.20 (64bit) on [Fri Nov 21 14:34:49 2025] ***
compiled with version: 9.3.0 on 28 October 2021 05:02:51
os: Linux-5.4.0-182-generic #202-Ubuntu SMP Fri Apr 26 12:29:36 UTC 2024
nodename: 8479f11b19ee
machine: x86_64
clock source: unix
detected number of CPU cores: 2
current working directory: /home/acs/acapp
detected binary path: /usr/local/bin/uwsgi
!!! no internal routing support, rebuild with pcre support !!!
chdir() to /home/acs/acapp
your memory page size is 4096 bytes
detected max file descriptor number: 1048576
lock engine: pthread robust mutexes
thunder lock: disabled (you can enable it with --thunder-lock)
probably another instance of uWSGI is running on the same address (127.0.0.1:8000).
bind(): Address already in use [core/socket.c line 769]
*** Starting uWSGI 2.0.20 (64bit) on [Fri Nov 21 14:35:35 2025] ***
compiled with version: 9.3.0 on 28 October 2021 05:02:51
os: Linux-5.4.0-182-generic #202-Ubuntu SMP Fri Apr 26 12:29:36 UTC 2024
nodename: 8479f11b19ee
machine: x86_64
clock source: unix
detected number of CPU cores: 2
current working directory: /home/acs/acapp
detected binary path: /usr/local/bin/uwsgi
!!! no internal routing support, rebuild with pcre support !!!
chdir() to /home/acs/acapp
your memory page size is 4096 bytes
detected max file descriptor number: 1048576
lock engine: pthread robust mutexes
thunder lock: disabled (you can enable it with --thunder-lock)
probably another instance of uWSGI is running on the same address (127.0.0.1:8000).
bind(): Address already in use [core/socket.c line 769]
*** Starting uWSGI 2.0.20 (64bit) on [Fri Nov 21 14:36:15 2025] ***
compiled with version: 9.3.0 on 28 October 2021 05:02:51
os: Linux-5.4.0-182-generic #202-Ubuntu SMP Fri Apr 26 12:29:36 UTC 2024
nodename: 8479f11b19ee
machine: x86_64
clock source: unix
detected number of CPU cores: 2
current working directory: /home/acs/acapp
detected binary path: /usr/local/bin/uwsgi
!!! no internal routing support, rebuild with pcre support !!!
chdir() to /home/acs/acapp
your memory page size is 4096 bytes
detected max file descriptor number: 1048576
lock engine: pthread robust mutexes
thunder lock: disabled (you can enable it with --thunder-lock)
probably another instance of uWSGI is running on the same address (127.0.0.1:8000).
bind(): Address already in use [core/socket.c line 769]
*** Starting uWSGI 2.0.20 (64bit) on [Fri Nov 21 14:39:10 2025] ***
compiled with version: 9.3.0 on 28 October 2021 05:02:51
os: Linux-5.4.0-182-generic #202-Ubuntu SMP Fri Apr 26 12:29:36 UTC 2024
nodename: 8479f11b19ee
machine: x86_64
clock source: unix
detected number of CPU cores: 2
current working directory: /home/acs/acapp
detected binary path: /usr/local/bin/uwsgi
!!! no internal routing support, rebuild with pcre support !!!
chdir() to /home/acs/acapp
your memory page size is 4096 bytes
detected max file descriptor number: 1048576
lock engine: pthread robust mutexes
thunder lock: disabled (you can enable it with --thunder-lock)
probably another instance of uWSGI is running on the same address (127.0.0.1:8000).
bind(): Address already in use [core/socket.c line 769]
*** Starting uWSGI 2.0.20 (64bit) on [Fri Nov 21 14:40:28 2025] ***
compiled with version: 9.3.0 on 28 October 2021 05:02:51
os: Linux-5.4.0-182-generic #202-Ubuntu SMP Fri Apr 26 12:29:36 UTC 2024
nodename: 8479f11b19ee
machine: x86_64
clock source: unix
detected number of CPU cores: 2
current working directory: /home/acs/acapp
detected binary path: /usr/local/bin/uwsgi
!!! no internal routing support, rebuild with pcre support !!!
chdir() to /home/acs/acapp
your memory page size is 4096 bytes
detected max file descriptor number: 1048576
lock engine: pthread robust mutexes
thunder lock: disabled (you can enable it with --thunder-lock)
probably another instance of uWSGI is running on the same address (127.0.0.1:8000).
bind(): Address already in use [core/socket.c line 769]
*** Starting uWSGI 2.0.20 (64bit) on [Fri Nov 21 14:41:02 2025] ***
compiled with version: 9.3.0 on 28 October 2021 05:02:51
os: Linux-5.4.0-182-generic #202-Ubuntu SMP Fri Apr 26 12:29:36 UTC 2024
nodename: 8479f11b19ee
machine: x86_64
clock source: unix
detected number of CPU cores: 2
current working directory: /home/acs/acapp
detected binary path: /usr/local/bin/uwsgi
!!! no internal routing support, rebuild with pcre support !!!
chdir() to /home/acs/acapp
your memory page size is 4096 bytes
detected max file descriptor number: 1048576
lock engine: pthread robust mutexes
thunder lock: disabled (you can enable it with --thunder-lock)
probably another instance of uWSGI is running on the same address (127.0.0.1:8000).
bind(): Address already in use [core/socket.c line 769]
*** Starting uWSGI 2.0.20 (64bit) on [Fri Nov 21 16:43:19 2025] ***
compiled with version: 9.3.0 on 28 October 2021 05:02:51
os: Linux-5.4.0-182-generic #202-Ubuntu SMP Fri Apr 26 12:29:36 UTC 2024
nodename: 8479f11b19ee
machine: x86_64
clock source: unix
detected number of CPU cores: 2
current working directory: /home/acs/acapp
detected binary path: /usr/local/bin/uwsgi
!!! no internal routing support, rebuild with pcre support !!!
chdir() to /home/acs/acapp
your memory page size is 4096 bytes
detected max file descriptor number: 1048576
lock engine: pthread robust mutexes
thunder lock: disabled (you can enable it with --thunder-lock)
probably another instance of uWSGI is running on the same address (127.0.0.1:8000).
bind(): Address already in use [core/socket.c line 769]
*** Starting uWSGI 2.0.20 (64bit) on [Fri Nov 21 17:49:40 2025] ***
compiled with version: 9.3.0 on 28 October 2021 05:02:51
os: Linux-5.4.0-182-generic #202-Ubuntu SMP Fri Apr 26 12:29:36 UTC 2024
nodename: 8479f11b19ee
machine: x86_64
clock source: unix
detected number of CPU cores: 2
current working directory: /home/acs/acapp
detected binary path: /usr/local/bin/uwsgi
!!! no internal routing support, rebuild with pcre support !!!
chdir() to /home/acs/acapp
your memory page size is 4096 bytes
detected max file descriptor number: 1048576
lock engine: pthread robust mutexes
thunder lock: disabled (you can enable it with --thunder-lock)
probably another instance of uWSGI is running on the same address (127.0.0.1:8000).
bind(): Address already in use [core/socket.c line 769]
*** Starting uWSGI 2.0.20 (64bit) on [Fri Nov 21 17:55:24 2025] ***
compiled with version: 9.3.0 on 28 October 2021 05:02:51
os: Linux-5.4.0-182-generic #202-Ubuntu SMP Fri Apr 26 12:29:36 UTC 2024
nodename: 8479f11b19ee
machine: x86_64
clock source: unix
detected number of CPU cores: 2
current working directory: /home/acs/acapp
detected binary path: /usr/local/bin/uwsgi
!!! no internal routing support, rebuild with pcre support !!!
chdir() to /home/acs/acapp
your memory page size is 4096 bytes
detected max file descriptor number: 1048576
lock engine: pthread robust mutexes
thunder lock: disabled (you can enable it with --thunder-lock)
probably another instance of uWSGI is running on the same address (127.0.0.1:8000).
bind(): Address already in use [core/socket.c line 769]
*** Starting uWSGI 2.0.20 (64bit) on [Fri Nov 21 17:58:18 2025] ***
compiled with version: 9.3.0 on 28 October 2021 05:02:51
os: Linux-5.4.0-182-generic #202-Ubuntu SMP Fri Apr 26 12:29:36 UTC 2024
nodename: 8479f11b19ee
machine: x86_64
clock source: unix
detected number of CPU cores: 2
current working directory: /home/acs/acapp
detected binary path: /usr/local/bin/uwsgi
!!! no internal routing support, rebuild with pcre support !!!
chdir() to /home/acs/acapp
your memory page size is 4096 bytes
detected max file descriptor number: 1048576
lock engine: pthread robust mutexes
thunder lock: disabled (you can enable it with --thunder-lock)
probably another instance of uWSGI is running on the same address (127.0.0.1:8000).
bind(): Address already in use [core/socket.c line 769]
*** Starting uWSGI 2.0.20 (64bit) on [Fri Nov 21 23:34:35 2025] ***
compiled with version: 9.3.0 on 28 October 2021 05:02:51
os: Linux-5.4.0-182-generic #202-Ubuntu SMP Fri Apr 26 12:29:36 UTC 2024
nodename: 8479f11b19ee
machine: x86_64
clock source: unix
detected number of CPU cores: 2
current working directory: /home/acs/acapp
detected binary path: /usr/local/bin/uwsgi
!!! no internal routing support, rebuild with pcre support !!!
chdir() to /home/acs/acapp
your memory page size is 4096 bytes
detected max file descriptor number: 1048576
lock engine: pthread robust mutexes
thunder lock: disabled (you can enable it with --thunder-lock)
probably another instance of uWSGI is running on the same address (127.0.0.1:8000).
bind(): Address already in use [core/socket.c line 769]
*** Starting uWSGI 2.0.20 (64bit) on [Fri Nov 21 23:35:45 2025] ***
compiled with version: 9.3.0 on 28 October 2021 05:02:51
os: Linux-5.4.0-182-generic #202-Ubuntu SMP Fri Apr 26 12:29:36 UTC 2024
nodename: 8479f11b19ee
machine: x86_64
clock source: unix
detected number of CPU cores: 2
current working directory: /home/acs/acapp
detected binary path: /usr/local/bin/uwsgi
!!! no internal routing support, rebuild with pcre support !!!
chdir() to /home/acs/acapp
your memory page size is 4096 bytes
detected max file descriptor number: 1048576
lock engine: pthread robust mutexes
thunder lock: disabled (you can enable it with --thunder-lock)
probably another instance of uWSGI is running on the same address (127.0.0.1:8000).
bind(): Address already in use [core/socket.c line 769]
*** Starting uWSGI 2.0.20 (64bit) on [Fri Nov 21 23:36:18 2025] ***
compiled with version: 9.3.0 on 28 October 2021 05:02:51
os: Linux-5.4.0-182-generic #202-Ubuntu SMP Fri Apr 26 12:29:36 UTC 2024
nodename: 8479f11b19ee
machine: x86_64
clock source: unix
detected number of CPU cores: 2
current working directory: /home/acs/acapp
detected binary path: /usr/local/bin/uwsgi
!!! no internal routing support, rebuild with pcre support !!!
chdir() to /home/acs/acapp
your memory page size is 4096 bytes
detected max file descriptor number: 1048576
lock engine: pthread robust mutexes
thunder lock: disabled (you can enable it with --thunder-lock)
probably another instance of uWSGI is running on the same address (127.0.0.1:8000).
bind(): Address already in use [core/socket.c line 769]
